instr_mem: attempting to load instruction_memory.mem...
WARNING: src/instr_mem.v:10: $readmemh(instruction_memory.mem): Not enough words in the file for the requested range [0:1023].
instr_mem: load complete.
data_memory: attempting to load init file 'data_memory.mem' ...
data_memory: init complete (depth=1024 words).

================ PIPELINE DEMO START ================

T=0 | PC=00000000 | INSTR=00000000 | ALU=00000000
IFID: captured pc_in=00000000 instr_in=000010b7 at time 25000
mem_wb: time=25000 mem_data_in=00000000 alu_result_in=00000000 rd_in=0 mem_to_reg=0 reg_write=0
CYCLE=1 | PC=00000000 | INSTR=00000000 | ALU=00000000 | R1=00000000 | R2=00000000 | BUSY=0
T=25000 | PC=00000004 | INSTR=000010b7 | ALU=00000000
mem_wb: time=35000 mem_data_in=00000000 alu_result_in=00000000 rd_in=0 mem_to_reg=0 reg_write=0
IFID: captured pc_in=00000004 instr_in=00000013 at time 35000
CYCLE=2 | PC=00000004 | INSTR=000010b7 | ALU=00000000 | R1=00000000 | R2=00000000 | BUSY=0
T=35000 | PC=00000008 | INSTR=00000013 | ALU=00001000
IFID: captured pc_in=00000008 instr_in=00000013 at time 45000
mem_wb: time=45000 mem_data_in=00000000 alu_result_in=00000000 rd_in=0 mem_to_reg=0 reg_write=0
CYCLE=3 | PC=00000008 | INSTR=00000013 | ALU=00001000 | R1=00000000 | R2=00000000 | BUSY=0
T=45000 | PC=0000000c | INSTR=00000013 | ALU=00000000
mem_wb: time=55000 mem_data_in=00000000 alu_result_in=00001000 rd_in=1 mem_to_reg=0 reg_write=1
IFID: captured pc_in=0000000c instr_in=00100113 at time 55000
CYCLE=4 | PC=0000000c | INSTR=00000013 | ALU=00000000 | R1=00000000 | R2=00000000 | BUSY=0
T=55000 | PC=00000010 | INSTR=00100113 | ALU=00000000
IFID: captured pc_in=00000010 instr_in=00000013 at time 65000
REGFILE WRITE: time=65000 we_en=1 we_addr=1 we_data=00001000
mem_wb: time=65000 mem_data_in=00000000 alu_result_in=00000000 rd_in=0 mem_to_reg=0 reg_write=1
CYCLE=5 | PC=00000010 | INSTR=00100113 | ALU=00000000 | R1=00000000 | R2=00000000 | BUSY=0
T=65000 | PC=00000014 | INSTR=00000013 | ALU=00000001
mem_wb: time=75000 mem_data_in=00000000 alu_result_in=00000000 rd_in=0 mem_to_reg=0 reg_write=1
IFID: captured pc_in=00000014 instr_in=00000013 at time 75000
CYCLE=6 | PC=00000014 | INSTR=00000013 | ALU=00000001 | R1=00001000 | R2=00000000 | BUSY=0
T=75000 | PC=00000018 | INSTR=00000013 | ALU=00000000
IFID: captured pc_in=00000018 instr_in=0020a023 at time 85000
mem_wb: time=85000 mem_data_in=00000000 alu_result_in=00000001 rd_in=2 mem_to_reg=0 reg_write=1
CYCLE=7 | PC=00000018 | INSTR=00000013 | ALU=00000000 | R1=00001000 | R2=00000000 | BUSY=0
T=85000 | PC=0000001c | INSTR=0020a023 | ALU=00000000
mem_wb: time=95000 mem_data_in=00000000 alu_result_in=00000000 rd_in=0 mem_to_reg=0 reg_write=1
REGFILE WRITE: time=95000 we_en=1 we_addr=2 we_data=00000001
IFID: captured pc_in=0000001c instr_in=00000013 at time 95000
CYCLE=8 | PC=0000001c | INSTR=0020a023 | ALU=00000000 | R1=00001000 | R2=00000000 | BUSY=0
T=95000 | PC=00000020 | INSTR=00000013 | ALU=00001000
IFID: captured pc_in=00000020 instr_in=00000013 at time 105000
mem_wb: time=105000 mem_data_in=00000000 alu_result_in=00000000 rd_in=0 mem_to_reg=0 reg_write=1
CYCLE=9 | PC=00000020 | INSTR=00000013 | ALU=00001000 | R1=00001000 | R2=00000001 | BUSY=0
T=105000 | PC=00000024 | INSTR=00000013 | ALU=00000000
mem_wb: time=115000 mem_data_in=00000000 alu_result_in=00001000 rd_in=0 mem_to_reg=0 reg_write=0

=== MMUL 8x8 START ===
IFID: captured pc_in=00000024 instr_in=00000013 at time 115000
CYCLE=10 | PC=00000024 | INSTR=00000013 | ALU=00000000 | R1=00001000 | R2=00000001 | BUSY=0
T=115000 | PC=00000028 | INSTR=00000013 | ALU=00000000
MAC: C[0][0] += A[0][0] * B[0][0] = 0
CYCLE=11 | PC=00000028 | INSTR=00000013 | ALU=00000000 | R1=00001000 | R2=00000001 | BUSY=1
MAC: C[0][0] += A[0][1] * B[1][0] = 0
CYCLE=12 | PC=00000028 | INSTR=00000013 | ALU=00000000 | R1=00001000 | R2=00000001 | BUSY=1
MAC: C[0][0] += A[0][2] * B[2][0] = 0
CYCLE=13 | PC=00000028 | INSTR=00000013 | ALU=00000000 | R1=00001000 | R2=00000001 | BUSY=1
MAC: C[0][0] += A[0][3] * B[3][0] = 0
CYCLE=14 | PC=00000028 | INSTR=00000013 | ALU=00000000 | R1=00001000 | R2=00000001 | BUSY=1
MAC: C[0][0] += A[0][4] * B[4][0] = 0
CYCLE=15 | PC=00000028 | INSTR=00000013 | ALU=00000000 | R1=00001000 | R2=00000001 | BUSY=1
MAC: C[0][0] += A[0][5] * B[5][0] = 0
CYCLE=16 | PC=00000028 | INSTR=00000013 | ALU=00000000 | R1=00001000 | R2=00000001 | BUSY=1
MAC: C[0][0] += A[0][6] * B[6][0] = 0
CYCLE=17 | PC=00000028 | INSTR=00000013 | ALU=00000000 | R1=00001000 | R2=00000001 | BUSY=1
MAC: C[0][0] += A[0][7] * B[7][0] = 0
CYCLE=18 | PC=00000028 | INSTR=00000013 | ALU=00000000 | R1=00001000 | R2=00000001 | BUSY=1
MAC: C[0][1] += A[0][0] * B[0][1] = 0
CYCLE=19 | PC=00000028 | INSTR=00000013 | ALU=00000000 | R1=00001000 | R2=00000001 | BUSY=1
MAC: C[0][1] += A[0][1] * B[1][1] = 0
CYCLE=20 | PC=00000028 | INSTR=00000013 | ALU=00000000 | R1=00001000 | R2=00000001 | BUSY=1
MAC: C[0][1] += A[0][2] * B[2][1] = 0
CYCLE=21 | PC=00000028 | INSTR=00000013 | ALU=00000000 | R1=00001000 | R2=00000001 | BUSY=1
MAC: C[0][1] += A[0][3] * B[3][1] = 0
CYCLE=22 | PC=00000028 | INSTR=00000013 | ALU=00000000 | R1=00001000 | R2=00000001 | BUSY=1
MAC: C[0][1] += A[0][4] * B[4][1] = 0
CYCLE=23 | PC=00000028 | INSTR=00000013 | ALU=00000000 | R1=00001000 | R2=00000001 | BUSY=1
MAC: C[0][1] += A[0][5] * B[5][1] = 0
CYCLE=24 | PC=00000028 | INSTR=00000013 | ALU=00000000 | R1=00001000 | R2=00000001 | BUSY=1
MAC: C[0][1] += A[0][6] * B[6][1] = 0
CYCLE=25 | PC=00000028 | INSTR=00000013 | ALU=00000000 | R1=00001000 | R2=00000001 | BUSY=1
MAC: C[0][1] += A[0][7] * B[7][1] = 0
CYCLE=26 | PC=00000028 | INSTR=00000013 | ALU=00000000 | R1=00001000 | R2=00000001 | BUSY=1
MAC: C[0][2] += A[0][0] * B[0][2] = 0
CYCLE=27 | PC=00000028 | INSTR=00000013 | ALU=00000000 | R1=00001000 | R2=00000001 | BUSY=1
MAC: C[0][2] += A[0][1] * B[1][2] = 0
CYCLE=28 | PC=00000028 | INSTR=00000013 | ALU=00000000 | R1=00001000 | R2=00000001 | BUSY=1
MAC: C[0][2] += A[0][2] * B[2][2] = 0
CYCLE=29 | PC=00000028 | INSTR=00000013 | ALU=00000000 | R1=00001000 | R2=00000001 | BUSY=1
MAC: C[0][2] += A[0][3] * B[3][2] = 0
CYCLE=30 | PC=00000028 | INSTR=00000013 | ALU=00000000 | R1=00001000 | R2=00000001 | BUSY=1
MAC: C[0][2] += A[0][4] * B[4][2] = 0
CYCLE=31 | PC=00000028 | INSTR=00000013 | ALU=00000000 | R1=00001000 | R2=00000001 | BUSY=1
MAC: C[0][2] += A[0][5] * B[5][2] = 0
CYCLE=32 | PC=00000028 | INSTR=00000013 | ALU=00000000 | R1=00001000 | R2=00000001 | BUSY=1
MAC: C[0][2] += A[0][6] * B[6][2] = 0
CYCLE=33 | PC=00000028 | INSTR=00000013 | ALU=00000000 | R1=00001000 | R2=00000001 | BUSY=1
MAC: C[0][2] += A[0][7] * B[7][2] = 0
CYCLE=34 | PC=00000028 | INSTR=00000013 | ALU=00000000 | R1=00001000 | R2=00000001 | BUSY=1
MAC: C[0][3] += A[0][0] * B[0][3] = 0
CYCLE=35 | PC=00000028 | INSTR=00000013 | ALU=00000000 | R1=00001000 | R2=00000001 | BUSY=1
MAC: C[0][3] += A[0][1] * B[1][3] = 0
CYCLE=36 | PC=00000028 | INSTR=00000013 | ALU=00000000 | R1=00001000 | R2=00000001 | BUSY=1
MAC: C[0][3] += A[0][2] * B[2][3] = 0
CYCLE=37 | PC=00000028 | INSTR=00000013 | ALU=00000000 | R1=00001000 | R2=00000001 | BUSY=1
MAC: C[0][3] += A[0][3] * B[3][3] = 0
CYCLE=38 | PC=00000028 | INSTR=00000013 | ALU=00000000 | R1=00001000 | R2=00000001 | BUSY=1
MAC: C[0][3] += A[0][4] * B[4][3] = 0
CYCLE=39 | PC=00000028 | INSTR=00000013 | ALU=00000000 | R1=00001000 | R2=00000001 | BUSY=1
MAC: C[0][3] += A[0][5] * B[5][3] = 0
CYCLE=40 | PC=00000028 | INSTR=00000013 | ALU=00000000 | R1=00001000 | R2=00000001 | BUSY=1
MAC: C[0][3] += A[0][6] * B[6][3] = 0
CYCLE=41 | PC=00000028 | INSTR=00000013 | ALU=00000000 | R1=00001000 | R2=00000001 | BUSY=1
MAC: C[0][3] += A[0][7] * B[7][3] = 0
CYCLE=42 | PC=00000028 | INSTR=00000013 | ALU=00000000 | R1=00001000 | R2=00000001 | BUSY=1
MAC: C[0][4] += A[0][0] * B[0][4] = 0
CYCLE=43 | PC=00000028 | INSTR=00000013 | ALU=00000000 | R1=00001000 | R2=00000001 | BUSY=1
MAC: C[0][4] += A[0][1] * B[1][4] = 0
CYCLE=44 | PC=00000028 | INSTR=00000013 | ALU=00000000 | R1=00001000 | R2=00000001 | BUSY=1
MAC: C[0][4] += A[0][2] * B[2][4] = 0
CYCLE=45 | PC=00000028 | INSTR=00000013 | ALU=00000000 | R1=00001000 | R2=00000001 | BUSY=1
MAC: C[0][4] += A[0][3] * B[3][4] = 0
CYCLE=46 | PC=00000028 | INSTR=00000013 | ALU=00000000 | R1=00001000 | R2=00000001 | BUSY=1
MAC: C[0][4] += A[0][4] * B[4][4] = 0
CYCLE=47 | PC=00000028 | INSTR=00000013 | ALU=00000000 | R1=00001000 | R2=00000001 | BUSY=1
MAC: C[0][4] += A[0][5] * B[5][4] = 0
CYCLE=48 | PC=00000028 | INSTR=00000013 | ALU=00000000 | R1=00001000 | R2=00000001 | BUSY=1
MAC: C[0][4] += A[0][6] * B[6][4] = 0
CYCLE=49 | PC=00000028 | INSTR=00000013 | ALU=00000000 | R1=00001000 | R2=00000001 | BUSY=1
MAC: C[0][4] += A[0][7] * B[7][4] = 0
CYCLE=50 | PC=00000028 | INSTR=00000013 | ALU=00000000 | R1=00001000 | R2=00000001 | BUSY=1

================ SIMULATION END =====================

